// Jest Snapshot v1, https://goo.gl/fbAQLP

exports[`FirstInteractive computed artifact: should simulate when settings specify 1`] = `
Object {
  "optimistic": 3351,
  "pessimistic": 3502,
  "timing": 3351,
}
`;
