// Jest Snapshot v1, https://goo.gl/fbAQLP

exports[`Metrics: Lantern EIL should compute a simulated value 1`] = `
Object {
  "optimistic": 93,
  "pessimistic": 101,
  "timing": 78,
}
`;
