// Jest Snapshot v1, https://goo.gl/fbAQLP

exports[`Metrics: Lantern FMP should compute predicted value 1`] = `
Object {
  "optimistic": 1439,
  "pessimistic": 1583,
  "timing": 1511,
}
`;
