// Jest Snapshot v1, https://goo.gl/fbAQLP

exports[`Metrics: Max Potential FID should compute a simulated value 1`] = `
Object {
  "optimistic": 396,
  "pessimistic": 396,
  "timing": 396,
}
`;
