// Jest Snapshot v1, https://goo.gl/fbAQLP

exports[`Metrics: Speed Index should compute a simulated value 1`] = `
Object {
  "optimistic": 605,
  "pessimistic": 1631,
  "timing": 1657,
}
`;
